******************************************************************************
             TMS320C2000 Linker PC v18.1.4                     
******************************************************************************
>> Linked Tue Mar 12 13:52:00 2019

OUTPUT FILE NAME:   <LCD_Test.out>
ENTRY POINT SYMBOL: "code_start"  address: 00000000


MEMORY CONFIGURATION

         name            origin    length      used     unused   attr    fill
----------------------  --------  ---------  --------  --------  ----  --------
PAGE 0:
  BEGIN                 00000000   00000002  00000002  00000000  RWIX
  RAMM0                 00000122   000002de  000002de  00000000  RWIX
  RAMLS0                00008000   00000800  0000001a  000007e6  RWIX
  RAMLS1                00008800   00000800  00000000  00000800  RWIX
  RAMLS2                00009000   00000800  00000000  00000800  RWIX
  RAMLS3                00009800   00000800  00000000  00000800  RWIX
  RAMLS4                0000a000   00000800  00000000  00000800  RWIX
  RAMD0                 0000b000   00000800  00000800  00000000  RWIX
  RESET                 003fffc0   00000002  00000000  00000002  RWIX

PAGE 1:
  BOOT_RSVD             00000002   00000120  00000000  00000120  RWIX
  RAMM1                 00000400   00000400  00000100  00000300  RWIX
  RAMLS5                0000a800   00000800  00000176  0000068a  RWIX
  RAMD1                 0000b800   00000800  00000000  00000800  RWIX
  RAMGS0                0000c000   00001000  00000000  00001000  RWIX
  RAMGS1                0000d000   00001000  00000000  00001000  RWIX
  RAMGS2                0000e000   00001000  00000000  00001000  RWIX
  RAMGS3                0000f000   00001000  00000000  00001000  RWIX
  RAMGS4                00010000   00001000  00000000  00001000  RWIX
  RAMGS5                00011000   00001000  00000000  00001000  RWIX
  RAMGS6                00012000   00001000  00000000  00001000  RWIX
  RAMGS7                00013000   00001000  00000000  00001000  RWIX
  RAMGS8                00014000   00001000  00000000  00001000  RWIX
  RAMGS9                00015000   00001000  00000000  00001000  RWIX
  RAMGS10               00016000   00001000  00000000  00001000  RWIX
  RAMGS11               00017000   00001000  00000000  00001000  RWIX
  RAMGS12               00018000   00001000  00000000  00001000  RWIX
  RAMGS13               00019000   00001000  00000000  00001000  RWIX
  RAMGS14               0001a000   00001000  00000000  00001000  RWIX
  RAMGS15               0001b000   00001000  00000000  00001000  RWIX
  CPU2TOCPU1RAM         0003f800   00000400  00000000  00000400  RWIX
  CPU1TOCPU2RAM         0003fc00   00000400  00000000  00000400  RWIX
  CANA_MSG_RAM          00049000   00000800  00000000  00000800  RWIX
  CANB_MSG_RAM          0004b000   00000800  00000000  00000800  RWIX


SECTION ALLOCATION MAP

 output                                  attributes/
section   page    origin      length       input sections
--------  ----  ----------  ----------   ----------------
codestart 
*          0    00000000    00000002     
                  00000000    00000002     F2837xD_CodeStartBranch.obj (codestart)

.cinit     0    00000122    0000001a     
                  00000122    0000000e     rts2800_fpu32.lib : exit.c.obj (.cinit)
                  00000130    00000005                       : _lock.c.obj (.cinit:__lock)
                  00000135    00000005                       : _lock.c.obj (.cinit:__unlock)
                  0000013a    00000002     --HOLE-- [fill = 0]

.pinit     0    00000122    00000000     UNINITIALIZED

.reset     0    003fffc0    00000002     DSECT
                  003fffc0    00000002     rts2800_fpu32.lib : boot28.asm.obj (.reset)

.stack     1    00000400    00000100     UNINITIALIZED
                  00000400    00000100     --HOLE--

.econst    1    0000a800    0000016c     
                  0000a800    000000ac     driverlib.lib : gpio.obj (.econst:.string)
                  0000a8ac    0000005b                   : interrupt.obj (.econst:.string)
                  0000a907    00000001     --HOLE-- [fill = 0]
                  0000a908    00000058                   : sysctl.obj (.econst:.string)
                  0000a960    0000000c     lcd_test.obj (.econst:.string)

.ebss      1    0000a96c    0000000a     UNINITIALIZED
                  0000a96c    00000006     rts2800_fpu32.lib : exit.c.obj (.ebss)
                  0000a972    00000002                       : _lock.c.obj (.ebss:__lock)
                  0000a974    00000002                       : _lock.c.obj (.ebss:__unlock)

.TI.ramfunc 
*          0    0000013c    00000004     
                  0000013c    00000004     driverlib.lib : sysctl.obj (.TI.ramfunc)

GETBUFFER 
*          0    0003f800    00000000     DSECT

GETWRITEIDX 
*          0    0003f800    00000000     DSECT

PUTREADIDX 
*          0    0003f800    00000000     DSECT

.text.1    0    00000140    000002c0     
                  00000140    00000221     driverlib.lib : sysctl.obj (.text:_SysCtl_setClock)
                  00000361    00000088     rts2800_fpu32.lib : fs_div28.asm.obj (.text)
                  000003e9    0000000e     driverlib.lib : gpio.obj (.text:_GPIO_isPinValid)
                  000003f7    00000009                   : sysctl.obj (.text:_SysCtl_serviceWatchdog)

.text.2    0    00008000    0000001a     
                  00008000    0000000b     driverlib.lib : sysctl.obj (.text:_SysCtl_isMCDClockFailureDetected)
                  0000800b    00000008     rts2800_fpu32.lib : strlen.c.obj (.text)
                  00008013    00000002     driverlib.lib : interrupt.obj (.text:_Interrupt_illegalOperationHandler)
                  00008015    00000002                   : interrupt.obj (.text:_Interrupt_nmiHandler)
                  00008017    00000002     rts2800_fpu32.lib : pre_init.c.obj (.text)
                  00008019    00000001                       : startup.c.obj (.text)

.text.3    0    0000b000    00000800     
                  0000b000    000003aa     lcd_test.obj (.text)
                  0000b3aa    000001b6     device.obj (.text)
                  0000b560    00000056     rts2800_fpu32.lib : boot28.asm.obj (.text)
                  0000b5b6    00000054     driverlib.lib : interrupt.obj (.text:_Interrupt_initModule)
                  0000b60a    00000052                   : gpio.obj (.text:_GPIO_setPadConfig)
                  0000b65c    0000004d                   : sysctl.obj (.text:_SysCtl_selectOscSource)
                  0000b6a9    0000003d                   : gpio.obj (.text:_GPIO_setPinConfig)
                  0000b6e6    00000031                   : gpio.obj (.text:_GPIO_setDirectionMode)
                  0000b717    00000029     rts2800_fpu32.lib : exit.c.obj (.text)
                  0000b740    00000024                       : cpy_tbl.c.obj (.text)
                  0000b764    00000022                       : i_div28.asm.obj (.text)
                  0000b786    00000020     driverlib.lib : interrupt.obj (.text:_Interrupt_initVectorTable)
                  0000b7a6    0000001d     rts2800_fpu32.lib : memcpy.c.obj (.text)
                  0000b7c3    00000019                       : args_main.c.obj (.text)
                  0000b7dc    0000000e     driverlib.lib : interrupt.obj (.text:_Interrupt_defaultHandler)
                  0000b7ea    0000000d                   : interrupt.obj (.text:_Interrupt_disableMaster)
                  0000b7f7    00000009     rts2800_fpu32.lib : _lock.c.obj (.text)

MODULE SUMMARY

       Module                        code   initialized data   uninitialized data
       ------                        ----   ----------------   ------------------
    .\
       lcd_test.obj                  938    12                 0                 
    +--+-----------------------------+------+------------------+--------------------+
       Total:                        938    12                 0                 
                                                                                 
    .\device\
       device.obj                    438    0                  0                 
       F2837xD_CodeStartBranch.obj   2      0                  0                 
    +--+-----------------------------+------+------------------+--------------------+
       Total:                        440    0                  0                 
                                                                                 
    ../driverlib.lib
       sysctl.obj                    646    88                 0                 
       gpio.obj                      206    172                0                 
       interrupt.obj                 147    91                 0                 
    +--+-----------------------------+------+------------------+--------------------+
       Total:                        999    351                0                 
                                                                                 
    C:\ti\ccsv8\tools\compiler\ti-cgt-c2000_18.1.4.LTS\lib\rts2800_fpu32.lib
       fs_div28.asm.obj              136    0                  0                 
       boot28.asm.obj                86     0                  0                 
       exit.c.obj                    41     14                 6                 
       cpy_tbl.c.obj                 36     0                  0                 
       i_div28.asm.obj               34     0                  0                 
       memcpy.c.obj                  29     0                  0                 
       args_main.c.obj               25     0                  0                 
       _lock.c.obj                   9      10                 4                 
       strlen.c.obj                  8      0                  0                 
       pre_init.c.obj                2      0                  0                 
       startup.c.obj                 1      0                  0                 
    +--+-----------------------------+------+------------------+--------------------+
       Total:                        407    24                 10                
                                                                                 
       Stack:                        0      0                  256               
    +--+-----------------------------+------+------------------+--------------------+
       Grand Total:                  2784   387                266               


GLOBAL DATA SYMBOLS: SORTED BY DATA PAGE

address     data page           name
--------    ----------------    ----
00000400      10 (00000400)     __stack

0000a96c     2a5 (0000a940)     ___TI_enable_exit_profile_output
0000a96e     2a5 (0000a940)     ___TI_cleanup_ptr
0000a970     2a5 (0000a940)     ___TI_dtors_ptr
0000a972     2a5 (0000a940)     __lock
0000a974     2a5 (0000a940)     __unlock


GLOBAL SYMBOLS: SORTED ALPHABETICALLY BY Name 

page  address   name                                      
----  -------   ----                                      
abs   ffffffff  .text                                     
0     0000b717  C$$EXIT                                   
0     00000361  FS$$DIV                                   
0     0000b764  I$$DIV                                    
0     0000b775  I$$MOD                                    
0     0000b01c  _CommandLCDLower                          
0     0000b087  _CommandLCDUpper                          
0     0000b3f9  _Device_enableAllPeripherals              
0     0000b543  _Device_enableUnbondedGPIOPullups         
0     0000b520  _Device_enableUnbondedGPIOPullupsFor100Pin
0     0000b509  _Device_enableUnbondedGPIOPullupsFor176Pin
0     0000b3ec  _Device_init                              
0     0000b4e8  _Device_initGPIO                          
0     0000b6e6  _GPIO_setDirectionMode                    
0     0000b60a  _GPIO_setPadConfig                        
0     0000b6a9  _GPIO_setPinConfig                        
0     0000b5b6  _Interrupt_initModule                     
0     0000b786  _Interrupt_initVectorTable                
0     0000b0f2  _LCDinit                                  
0     0000b168  _PrintChar                                
0     0000b363  _PrintString                              
0     0000013c  _SysCtl_delay                             
0     0000b65c  _SysCtl_selectOscSource                   
0     00000140  _SysCtl_setClock                          
1     00000500  __STACK_END                               
abs   00000100  __STACK_SIZE                              
1     0000a96e  ___TI_cleanup_ptr                         
1     0000a970  ___TI_dtors_ptr                           
1     0000a96c  ___TI_enable_exit_profile_output          
abs   ffffffff  ___TI_pprof_out_hndl                      
abs   ffffffff  ___TI_prof_data_size                      
abs   ffffffff  ___TI_prof_data_start                     
abs   ffffffff  ___binit__                                
abs   ffffffff  ___c_args__                               
0     00000122  ___cinit__                                
0     0000b559  ___error__                                
abs   ffffffff  ___etext__                                
abs   ffffffff  ___pinit__                                
abs   ffffffff  ___text__                                 
0     0000b7c3  __args_main                               
1     0000a972  __lock                                    
0     0000b7ff  __nop                                     
0     0000b7fb  __register_lock                           
0     0000b7f7  __register_unlock                         
1     00000400  __stack                                   
0     00008019  __system_post_cinit                       
0     00008017  __system_pre_init                         
1     0000a974  __unlock                                  
0     0000b717  _abort                                    
0     0000b560  _c_int00                                  
0     0000b740  _copy_in                                  
0     0000b719  _exit                                     
0     0000b277  _init_LCD_GPIO                            
0     0000b37d  _main                                     
0     0000b7a6  _memcpy                                   
0     0000800b  _strlen                                   
abs   ffffffff  binit                                     
0     00000122  cinit                                     
0     00000000  code_start                                
abs   ffffffff  etext                                     
abs   ffffffff  pinit                                     


GLOBAL SYMBOLS: SORTED BY Symbol Address 

page  address   name                                      
----  -------   ----                                      
0     00000000  code_start                                
0     00000122  ___cinit__                                
0     00000122  cinit                                     
0     0000013c  _SysCtl_delay                             
0     00000140  _SysCtl_setClock                          
0     00000361  FS$$DIV                                   
0     0000800b  _strlen                                   
0     00008017  __system_pre_init                         
0     00008019  __system_post_cinit                       
0     0000b01c  _CommandLCDLower                          
0     0000b087  _CommandLCDUpper                          
0     0000b0f2  _LCDinit                                  
0     0000b168  _PrintChar                                
0     0000b277  _init_LCD_GPIO                            
0     0000b363  _PrintString                              
0     0000b37d  _main                                     
0     0000b3ec  _Device_init                              
0     0000b3f9  _Device_enableAllPeripherals              
0     0000b4e8  _Device_initGPIO                          
0     0000b509  _Device_enableUnbondedGPIOPullupsFor176Pin
0     0000b520  _Device_enableUnbondedGPIOPullupsFor100Pin
0     0000b543  _Device_enableUnbondedGPIOPullups         
0     0000b559  ___error__                                
0     0000b560  _c_int00                                  
0     0000b5b6  _Interrupt_initModule                     
0     0000b60a  _GPIO_setPadConfig                        
0     0000b65c  _SysCtl_selectOscSource                   
0     0000b6a9  _GPIO_setPinConfig                        
0     0000b6e6  _GPIO_setDirectionMode                    
0     0000b717  C$$EXIT                                   
0     0000b717  _abort                                    
0     0000b719  _exit                                     
0     0000b740  _copy_in                                  
0     0000b764  I$$DIV                                    
0     0000b775  I$$MOD                                    
0     0000b786  _Interrupt_initVectorTable                
0     0000b7a6  _memcpy                                   
0     0000b7c3  __args_main                               
0     0000b7f7  __register_unlock                         
0     0000b7fb  __register_lock                           
0     0000b7ff  __nop                                     
1     00000400  __stack                                   
1     00000500  __STACK_END                               
1     0000a96c  ___TI_enable_exit_profile_output          
1     0000a96e  ___TI_cleanup_ptr                         
1     0000a970  ___TI_dtors_ptr                           
1     0000a972  __lock                                    
1     0000a974  __unlock                                  
abs   00000100  __STACK_SIZE                              
abs   ffffffff  .text                                     
abs   ffffffff  ___TI_pprof_out_hndl                      
abs   ffffffff  ___TI_prof_data_size                      
abs   ffffffff  ___TI_prof_data_start                     
abs   ffffffff  ___binit__                                
abs   ffffffff  ___c_args__                               
abs   ffffffff  ___etext__                                
abs   ffffffff  ___pinit__                                
abs   ffffffff  ___text__                                 
abs   ffffffff  binit                                     
abs   ffffffff  etext                                     
abs   ffffffff  pinit                                     

[61 symbols]
